2026-04-13 14:10:52,012 [INFO] 
============================================================
2026-04-13 14:10:52,012 [INFO] BAT DAU DANH MUC: LAPTOP
2026-04-13 14:10:52,012 [INFO] ============================================================
2026-04-13 14:10:52,012 [INFO] 
  [All] Dieu huong: https://www.dienmayxanh.com/laptop#o=7&pi=0
2026-04-13 14:11:43,875 [INFO]     [Thành công] Click 'Xem thêm' lần 1...
2026-04-13 14:11:50,521 [INFO]     [Thành công] Click 'Xem thêm' lần 2...
2026-04-13 14:11:57,160 [INFO]     [Thành công] Click 'Xem thêm' lần 3...
2026-04-13 14:12:03,819 [INFO]     [Thành công] Click 'Xem thêm' lần 4...
2026-04-13 14:12:10,472 [INFO]     [Thành công] Click 'Xem thêm' lần 5...
2026-04-13 14:12:17,114 [INFO]     [Thành công] Click 'Xem thêm' lần 6...
2026-04-13 14:12:23,749 [INFO]     [Thành công] Click 'Xem thêm' lần 7...
2026-04-13 14:12:30,366 [INFO]     [Thành công] Click 'Xem thêm' lần 8...
2026-04-13 14:12:33,867 [INFO]   [All] Da click 'Xem them' tong cong 8 lan.
2026-04-13 14:12:33,930 [INFO]     Tìm thấy 28 thẻ sản phẩm. Đang lọc dữ liệu sạch...
2026-04-13 14:12:35,652 [INFO]   [All] Cao duoc 0 san pham.
2026-04-13 14:12:38,653 [INFO] 
  [Apple] Dieu huong: https://www.dienmayxanh.com/laptop-apple#o=7&pi=0
2026-04-13 14:12:57,978 [INFO]     [Thành công] Click 'Xem thêm' lần 1...
2026-04-13 14:13:04,645 [INFO]     [Thành công] Click 'Xem thêm' lần 2...
2026-04-13 14:13:11,339 [INFO]     [Thành công] Click 'Xem thêm' lần 3...
2026-04-13 14:13:17,993 [INFO]     [Thành công] Click 'Xem thêm' lần 4...
2026-04-13 14:13:24,704 [INFO]     [Thành công] Click 'Xem thêm' lần 5...
2026-04-13 14:13:31,371 [INFO]     [Thành công] Click 'Xem thêm' lần 6...
2026-04-13 14:13:38,096 [INFO]     [Thành công] Click 'Xem thêm' lần 7...
2026-04-13 14:13:44,796 [INFO]     [Thành công] Click 'Xem thêm' lần 8...
2026-04-13 14:13:48,296 [INFO]   [Apple] Da click 'Xem them' tong cong 8 lan.
2026-04-13 14:13:48,378 [INFO]     Tìm thấy 183 thẻ sản phẩm. Đang lọc dữ liệu sạch...
2026-04-13 14:14:04,137 [INFO]   [Apple] Cao duoc 0 san pham.
2026-04-13 14:14:07,138 [INFO] 
  [Dell] Dieu huong: https://www.dienmayxanh.com/laptop-dell#o=7&pi=0
2026-04-13 14:14:25,273 [INFO]     [Thành công] Click 'Xem thêm' lần 1...
2026-04-13 14:14:31,944 [INFO]     [Thành công] Click 'Xem thêm' lần 2...
2026-04-13 14:14:38,613 [INFO]     [Thành công] Click 'Xem thêm' lần 3...
2026-04-13 14:14:45,363 [INFO]     [Thành công] Click 'Xem thêm' lần 4...
2026-04-13 14:14:52,045 [INFO]     [Thành công] Click 'Xem thêm' lần 5...
2026-04-13 14:14:58,722 [INFO]     [Thành công] Click 'Xem thêm' lần 6...
2026-04-13 14:15:05,388 [INFO]     [Thành công] Click 'Xem thêm' lần 7...
2026-04-13 14:15:12,045 [INFO]     [Thành công] Click 'Xem thêm' lần 8...
2026-04-13 14:15:15,546 [INFO]   [Dell] Da click 'Xem them' tong cong 8 lan.
2026-04-13 14:15:15,631 [INFO]     Tìm thấy 121 thẻ sản phẩm. Đang lọc dữ liệu sạch...
2026-04-13 14:15:27,771 [INFO]   [Dell] Cao duoc 0 san pham.
2026-04-13 14:15:30,772 [INFO] 
  [HP] Dieu huong: https://www.dienmayxanh.com/laptop-hp#o=7&pi=0
2026-04-13 14:15:39,900 [INFO]     [Thành công] Click 'Xem thêm' lần 1...
2026-04-13 14:15:46,561 [INFO]     [Thành công] Click 'Xem thêm' lần 2...
2026-04-13 14:15:53,245 [INFO]     [Thành công] Click 'Xem thêm' lần 3...
2026-04-13 14:15:59,941 [INFO]     [Thành công] Click 'Xem thêm' lần 4...
2026-04-13 14:16:06,609 [INFO]     [Thành công] Click 'Xem thêm' lần 5...
2026-04-13 14:16:13,291 [INFO]     [Thành công] Click 'Xem thêm' lần 6...
2026-04-13 14:16:19,988 [INFO]     [Thành công] Click 'Xem thêm' lần 7...
2026-04-13 14:16:26,660 [INFO]     [Thành công] Click 'Xem thêm' lần 8...
2026-04-13 14:16:30,161 [INFO]   [HP] Da click 'Xem them' tong cong 8 lan.
2026-04-13 14:16:30,267 [INFO]     Tìm thấy 183 thẻ sản phẩm. Đang lọc dữ liệu sạch...
2026-04-13 14:16:45,994 [INFO]   [HP] Cao duoc 0 san pham.
2026-04-13 14:16:48,995 [INFO] 
  [Lenovo] Dieu huong: https://www.dienmayxanh.com/laptop-lenovo#o=7&pi=0
2026-04-13 14:17:00,389 [INFO]     [Thành công] Click 'Xem thêm' lần 1...
2026-04-13 14:17:07,065 [INFO]     [Thành công] Click 'Xem thêm' lần 2...
2026-04-13 14:17:13,728 [INFO]     [Thành công] Click 'Xem thêm' lần 3...
2026-04-13 14:17:20,412 [INFO]     [Thành công] Click 'Xem thêm' lần 4...
2026-04-13 14:17:27,116 [INFO]     [Thành công] Click 'Xem thêm' lần 5...
2026-04-13 14:17:33,869 [INFO]     [Thành công] Click 'Xem thêm' lần 6...
2026-04-13 14:17:40,504 [INFO]     [Thành công] Click 'Xem thêm' lần 7...
2026-04-13 14:17:47,204 [INFO]     [Thành công] Click 'Xem thêm' lần 8...
2026-04-13 14:17:50,704 [INFO]   [Lenovo] Da click 'Xem them' tong cong 8 lan.
2026-04-13 14:17:50,835 [INFO]     Tìm thấy 183 thẻ sản phẩm. Đang lọc dữ liệu sạch...
2026-04-13 14:18:01,125 [INFO]   [Lenovo] Cao duoc 0 san pham.
2026-04-13 14:18:04,126 [INFO] 
  [Asus] Dieu huong: https://www.dienmayxanh.com/laptop-asus#o=7&pi=0
2026-04-13 15:08:22,714 [INFO] 
============================================================
2026-04-13 15:08:22,714 [INFO] BAT DAU DANH MUC: LAPTOP
2026-04-13 15:08:22,714 [INFO] ============================================================
2026-04-13 15:08:22,714 [INFO] 
  [All] Dieu huong: https://www.dienmayxanh.com/laptop#o=7&pi=0
2026-04-13 15:09:00,891 [INFO]     [Thành công] Click 'Xem thêm' lần 1...
2026-04-13 15:09:07,558 [INFO]     [Thành công] Click 'Xem thêm' lần 2...
2026-04-13 15:09:14,263 [INFO]     [Thành công] Click 'Xem thêm' lần 3...
2026-04-13 15:09:20,945 [INFO]     [Thành công] Click 'Xem thêm' lần 4...
2026-04-13 15:09:27,628 [INFO]     [Thành công] Click 'Xem thêm' lần 5...
2026-04-13 15:09:34,315 [INFO]     [Thành công] Click 'Xem thêm' lần 6...
2026-04-13 15:09:40,995 [INFO]     [Thành công] Click 'Xem thêm' lần 7...
2026-04-13 15:09:47,690 [INFO]     [Thành công] Click 'Xem thêm' lần 8...
2026-04-13 15:09:51,191 [INFO]   [All] Da click 'Xem them' tong cong 8 lan.
2026-04-13 15:09:51,280 [INFO]     Tìm thấy 143 thẻ sản phẩm. Đang bóc tách dữ liệu...
2026-04-13 15:10:28,320 [INFO]   [All] Cao duoc 139 san pham.
2026-04-13 15:10:28,355 [INFO]         Da luu me 139 san pham vao laptop_integrated.csv
2026-04-13 15:10:31,357 [INFO] 
  [Apple] Dieu huong: https://www.dienmayxanh.com/laptop-apple#o=7&pi=0
2026-04-13 15:10:41,286 [INFO]     [Thành công] Click 'Xem thêm' lần 1...
2026-04-13 15:10:47,913 [INFO]     [Thành công] Click 'Xem thêm' lần 2...
2026-04-13 15:10:54,579 [INFO]     [Thành công] Click 'Xem thêm' lần 3...
2026-04-13 15:13:14,376 [INFO] 
============================================================
2026-04-13 15:13:14,376 [INFO] BAT DAU DANH MUC: LAPTOP
2026-04-13 15:13:14,376 [INFO] ============================================================
2026-04-13 15:13:14,376 [INFO] 
  [Apple] Dieu huong: https://www.dienmayxanh.com/laptop-apple#o=7&pi=0
2026-04-13 15:13:58,465 [INFO]     [Thành công] Click 'Xem thêm' lần 1...
2026-04-13 15:14:05,120 [INFO]     [Thành công] Click 'Xem thêm' lần 2...
2026-04-13 15:14:11,795 [INFO]     [Thành công] Click 'Xem thêm' lần 3...
2026-04-13 15:14:18,444 [INFO]     [Thành công] Click 'Xem thêm' lần 4...
2026-04-13 15:14:25,113 [INFO]     [Thành công] Click 'Xem thêm' lần 5...
2026-04-13 15:14:31,806 [INFO]     [Thành công] Click 'Xem thêm' lần 6...
2026-04-13 15:14:38,432 [INFO]     [Thành công] Click 'Xem thêm' lần 7...
2026-04-13 15:14:45,111 [INFO]     [Thành công] Click 'Xem thêm' lần 8...
2026-04-13 15:14:48,611 [INFO]   [Apple] Da click 'Xem them' tong cong 8 lan.
2026-04-13 15:14:48,722 [INFO]     Tìm thấy 183 thẻ sản phẩm. Đang bóc tách dữ liệu...
2026-04-13 15:15:34,247 [INFO]   [Apple] Cao duoc 179 san pham.
2026-04-13 15:15:34,260 [INFO]         Da luu me 179 san pham vao laptop_integrated.csv
2026-04-13 15:15:37,261 [INFO] 
  [Dell] Dieu huong: https://www.dienmayxanh.com/laptop-dell#o=7&pi=0
2026-04-13 15:16:02,817 [INFO]     [Thành công] Click 'Xem thêm' lần 1...
2026-04-13 15:16:09,501 [INFO]     [Thành công] Click 'Xem thêm' lần 2...
2026-04-13 15:16:16,225 [INFO]     [Thành công] Click 'Xem thêm' lần 3...
2026-04-13 15:16:22,899 [INFO]     [Thành công] Click 'Xem thêm' lần 4...
2026-04-13 15:16:29,562 [INFO]     [Thành công] Click 'Xem thêm' lần 5...
2026-04-13 15:16:36,231 [INFO]     [Thành công] Click 'Xem thêm' lần 6...
2026-04-13 15:16:42,913 [INFO]     [Thành công] Click 'Xem thêm' lần 7...
2026-04-13 15:16:49,578 [INFO]     [Thành công] Click 'Xem thêm' lần 8...
2026-04-13 15:16:53,079 [INFO]   [Dell] Da click 'Xem them' tong cong 8 lan.
2026-04-13 15:16:53,165 [INFO]     Tìm thấy 183 thẻ sản phẩm. Đang bóc tách dữ liệu...
2026-04-13 15:17:39,562 [INFO]   [Dell] Cao duoc 179 san pham.
2026-04-13 15:17:39,584 [INFO]         - Khong co san pham moi nao trong me nay (da trung).
2026-04-13 15:17:42,585 [INFO] 
  [HP] Dieu huong: https://www.dienmayxanh.com/laptop-hp#o=7&pi=0
2026-04-13 15:18:01,916 [INFO]     [Thành công] Click 'Xem thêm' lần 1...
2026-04-13 15:18:08,574 [INFO]     [Thành công] Click 'Xem thêm' lần 2...
2026-04-13 15:18:15,263 [INFO]     [Thành công] Click 'Xem thêm' lần 3...
2026-04-13 15:18:21,932 [INFO]     [Thành công] Click 'Xem thêm' lần 4...
2026-04-13 15:18:28,594 [INFO]     [Thành công] Click 'Xem thêm' lần 5...
2026-04-13 15:18:35,272 [INFO]     [Thành công] Click 'Xem thêm' lần 6...
2026-04-13 15:18:42,007 [INFO]     [Thành công] Click 'Xem thêm' lần 7...
2026-04-13 15:18:48,651 [INFO]     [Thành công] Click 'Xem thêm' lần 8...
2026-04-13 15:18:52,151 [INFO]   [HP] Da click 'Xem them' tong cong 8 lan.
2026-04-13 15:18:52,243 [INFO]     Tìm thấy 183 thẻ sản phẩm. Đang bóc tách dữ liệu...
2026-04-13 15:19:37,547 [INFO]   [HP] Cao duoc 179 san pham.
2026-04-13 15:19:37,561 [INFO]         - Khong co san pham moi nao trong me nay (da trung).
2026-04-13 15:19:40,561 [INFO] 
  [Lenovo] Dieu huong: https://www.dienmayxanh.com/laptop-lenovo#o=7&pi=0
2026-04-13 15:20:28,466 [INFO]     [Thành công] Click 'Xem thêm' lần 1...
2026-04-13 15:20:35,144 [INFO]     [Thành công] Click 'Xem thêm' lần 2...
2026-04-13 15:20:41,814 [INFO]     [Thành công] Click 'Xem thêm' lần 3...
2026-04-13 15:20:48,489 [INFO]     [Thành công] Click 'Xem thêm' lần 4...
2026-04-13 15:20:55,180 [INFO]     [Thành công] Click 'Xem thêm' lần 5...
2026-04-13 15:21:01,852 [INFO]     [Thành công] Click 'Xem thêm' lần 6...
2026-04-13 15:21:08,526 [INFO]     [Thành công] Click 'Xem thêm' lần 7...
2026-04-13 15:21:15,240 [INFO]     [Thành công] Click 'Xem thêm' lần 8...
2026-04-13 15:21:18,741 [INFO]   [Lenovo] Da click 'Xem them' tong cong 8 lan.
2026-04-13 15:21:18,822 [INFO]     Tìm thấy 183 thẻ sản phẩm. Đang bóc tách dữ liệu...
2026-04-13 15:22:07,251 [INFO]   [Lenovo] Cao duoc 179 san pham.
2026-04-13 15:22:07,263 [INFO]         - Khong co san pham moi nao trong me nay (da trung).
2026-04-13 15:22:10,263 [INFO] 
  [Asus] Dieu huong: https://www.dienmayxanh.com/laptop-asus#o=7&pi=0
2026-04-13 15:22:23,312 [INFO]     [Thành công] Click 'Xem thêm' lần 1...
2026-04-13 15:22:30,016 [INFO]     [Thành công] Click 'Xem thêm' lần 2...
2026-04-13 15:22:36,693 [INFO]     [Thành công] Click 'Xem thêm' lần 3...
2026-04-13 15:22:43,431 [INFO]     [Thành công] Click 'Xem thêm' lần 4...
2026-04-13 15:22:50,288 [INFO]     [Thành công] Click 'Xem thêm' lần 5...
2026-04-13 15:22:57,013 [INFO]     [Thành công] Click 'Xem thêm' lần 6...
2026-04-13 15:23:05,150 [INFO]     [Thành công] Click 'Xem thêm' lần 7...
2026-04-13 15:23:11,925 [INFO]     [Thành công] Click 'Xem thêm' lần 8...
2026-04-13 15:23:15,426 [INFO]   [Asus] Da click 'Xem them' tong cong 8 lan.
2026-04-13 15:23:15,528 [INFO]     Tìm thấy 183 thẻ sản phẩm. Đang bóc tách dữ liệu...
2026-04-13 15:24:02,928 [INFO]   [Asus] Cao duoc 179 san pham.
2026-04-13 15:24:02,940 [INFO]         - Khong co san pham moi nao trong me nay (da trung).
2026-04-13 15:24:05,943 [INFO] 
  [Acer] Dieu huong: https://www.dienmayxanh.com/laptop-acer#o=7&pi=0
2026-04-13 15:24:19,652 [INFO]     [Thành công] Click 'Xem thêm' lần 1...
2026-04-13 15:24:26,319 [INFO]     [Thành công] Click 'Xem thêm' lần 2...
2026-04-13 15:24:32,979 [INFO]     [Thành công] Click 'Xem thêm' lần 3...
2026-04-13 15:24:39,704 [INFO]     [Thành công] Click 'Xem thêm' lần 4...
2026-04-13 15:24:46,356 [INFO]     [Thành công] Click 'Xem thêm' lần 5...
2026-04-13 15:24:53,009 [INFO]     [Thành công] Click 'Xem thêm' lần 6...
2026-04-13 15:24:59,706 [INFO]     [Thành công] Click 'Xem thêm' lần 7...
2026-04-13 15:25:06,537 [INFO]     [Thành công] Click 'Xem thêm' lần 8...
2026-04-13 15:25:10,038 [INFO]   [Acer] Da click 'Xem them' tong cong 8 lan.
2026-04-13 15:25:10,201 [INFO]     Tìm thấy 183 thẻ sản phẩm. Đang bóc tách dữ liệu...
2026-04-13 15:25:58,033 [INFO]   [Acer] Cao duoc 179 san pham.
2026-04-13 15:25:58,044 [INFO]         - Khong co san pham moi nao trong me nay (da trung).
2026-04-13 15:26:01,053 [INFO] 
  [MSI] Dieu huong: https://www.dienmayxanh.com/laptop-msi#o=7&pi=0
2026-04-13 15:26:21,057 [INFO]     [Thành công] Click 'Xem thêm' lần 1...
2026-04-13 15:26:27,737 [INFO]     [Thành công] Click 'Xem thêm' lần 2...
2026-04-13 15:26:34,491 [INFO]     [Thành công] Click 'Xem thêm' lần 3...
2026-04-13 15:26:41,151 [INFO]     [Thành công] Click 'Xem thêm' lần 4...
2026-04-13 15:26:47,794 [INFO]     [Thành công] Click 'Xem thêm' lần 5...
2026-04-13 15:26:54,450 [INFO]     [Thành công] Click 'Xem thêm' lần 6...
2026-04-13 15:27:01,120 [INFO]     [Thành công] Click 'Xem thêm' lần 7...
2026-04-13 15:27:07,840 [INFO]     [Thành công] Click 'Xem thêm' lần 8...
2026-04-13 15:27:11,340 [INFO]   [MSI] Da click 'Xem them' tong cong 8 lan.
2026-04-13 15:27:11,427 [INFO]     Tìm thấy 183 thẻ sản phẩm. Đang bóc tách dữ liệu...
2026-04-13 15:27:59,276 [INFO]   [MSI] Cao duoc 179 san pham.
2026-04-13 15:27:59,288 [INFO]         - Khong co san pham moi nao trong me nay (da trung).
2026-04-13 15:28:02,289 [INFO] 
============================================================
2026-04-13 15:28:02,289 [INFO] BAT DAU DANH MUC: SMARTPHONE
2026-04-13 15:28:02,289 [INFO] ============================================================
2026-04-13 15:28:02,289 [INFO] 
  [Apple] Dieu huong: https://www.dienmayxanh.com/dien-thoai-apple#o=7&pi=0
2026-04-13 15:28:47,064 [INFO]     [Thành công] Click 'Xem thêm' lần 1...
2026-04-13 15:28:53,815 [INFO]     [Thành công] Click 'Xem thêm' lần 2...
2026-04-13 15:29:00,561 [INFO]     [Thành công] Click 'Xem thêm' lần 3...
2026-04-13 15:29:07,308 [INFO]     [Thành công] Click 'Xem thêm' lần 4...
2026-04-13 15:29:14,050 [INFO]     [Thành công] Click 'Xem thêm' lần 5...
2026-04-13 15:29:20,762 [INFO]     [Thành công] Click 'Xem thêm' lần 6...
2026-04-13 15:29:27,521 [INFO]     [Thành công] Click 'Xem thêm' lần 7...
2026-04-13 15:29:34,350 [INFO]     [Thành công] Click 'Xem thêm' lần 8...
2026-04-13 15:29:37,851 [INFO]   [Apple] Da click 'Xem them' tong cong 8 lan.
2026-04-13 15:29:37,968 [INFO]     Tìm thấy 379 thẻ sản phẩm. Đang bóc tách dữ liệu...
2026-04-13 15:30:31,634 [INFO]   [Apple] Cao duoc 174 san pham.
2026-04-13 15:30:31,646 [INFO]         Da luu me 174 san pham vao smartphone_integrated.csv
2026-04-13 15:30:34,647 [INFO] 
  [Samsung] Dieu huong: https://www.dienmayxanh.com/dien-thoai-samsung#o=7&pi=0
2026-04-13 15:30:48,584 [INFO]     [Thành công] Click 'Xem thêm' lần 1...
2026-04-13 15:30:55,307 [INFO]     [Thành công] Click 'Xem thêm' lần 2...
2026-04-13 15:31:02,032 [INFO]     [Thành công] Click 'Xem thêm' lần 3...
2026-04-13 15:31:08,975 [INFO]     [Thành công] Click 'Xem thêm' lần 4...
2026-04-13 15:31:15,755 [INFO]     [Thành công] Click 'Xem thêm' lần 5...
2026-04-13 15:31:22,499 [INFO]     [Thành công] Click 'Xem thêm' lần 6...
2026-04-13 15:31:29,257 [INFO]     [Thành công] Click 'Xem thêm' lần 7...
2026-04-13 15:31:36,085 [INFO]     [Thành công] Click 'Xem thêm' lần 8...
2026-04-13 15:31:39,586 [INFO]   [Samsung] Da click 'Xem them' tong cong 8 lan.
2026-04-13 15:31:39,709 [INFO]     Tìm thấy 379 thẻ sản phẩm. Đang bóc tách dữ liệu...
2026-04-13 15:32:32,045 [INFO]   [Samsung] Cao duoc 174 san pham.
2026-04-13 15:32:32,059 [INFO]         - Khong co san pham moi nao trong me nay (da trung).
2026-04-13 15:32:35,059 [INFO] 
  [Xiaomi] Dieu huong: https://www.dienmayxanh.com/dien-thoai-xiaomi#o=7&pi=0
2026-04-13 15:32:43,816 [INFO]     [Thành công] Click 'Xem thêm' lần 1...
2026-04-13 15:32:50,650 [INFO]     [Thành công] Click 'Xem thêm' lần 2...
2026-04-13 15:32:57,375 [INFO]     [Thành công] Click 'Xem thêm' lần 3...
2026-04-13 15:33:04,141 [INFO]     [Thành công] Click 'Xem thêm' lần 4...
2026-04-13 15:33:10,910 [INFO]     [Thành công] Click 'Xem thêm' lần 5...
2026-04-13 15:33:17,716 [INFO]     [Thành công] Click 'Xem thêm' lần 6...
2026-04-13 15:33:24,635 [INFO]     [Thành công] Click 'Xem thêm' lần 7...
2026-04-13 15:33:31,483 [INFO]     [Thành công] Click 'Xem thêm' lần 8...
2026-04-13 15:33:34,984 [INFO]   [Xiaomi] Da click 'Xem them' tong cong 8 lan.
2026-04-13 15:33:35,131 [INFO]     Tìm thấy 379 thẻ sản phẩm. Đang bóc tách dữ liệu...
2026-04-13 15:34:34,868 [INFO]   [Xiaomi] Cao duoc 174 san pham.
2026-04-13 15:34:34,880 [INFO]         - Khong co san pham moi nao trong me nay (da trung).
2026-04-13 15:34:37,911 [INFO] 
  [Oppo] Dieu huong: https://www.dienmayxanh.com/dien-thoai-oppo#o=7&pi=0
2026-04-13 15:34:48,075 [INFO]     [Thành công] Click 'Xem thêm' lần 1...
2026-04-13 15:34:54,848 [INFO]     [Thành công] Click 'Xem thêm' lần 2...
2026-04-13 15:35:01,616 [INFO]     [Thành công] Click 'Xem thêm' lần 3...
2026-04-13 15:35:08,420 [INFO]     [Thành công] Click 'Xem thêm' lần 4...
2026-04-13 15:35:15,219 [INFO]     [Thành công] Click 'Xem thêm' lần 5...
2026-04-13 15:35:22,009 [INFO]     [Thành công] Click 'Xem thêm' lần 6...
2026-04-13 15:35:28,801 [INFO]     [Thành công] Click 'Xem thêm' lần 7...
2026-04-13 15:35:35,584 [INFO]     [Thành công] Click 'Xem thêm' lần 8...
2026-04-13 15:35:39,085 [INFO]   [Oppo] Da click 'Xem them' tong cong 8 lan.
2026-04-13 15:35:39,221 [INFO]     Tìm thấy 379 thẻ sản phẩm. Đang bóc tách dữ liệu...
2026-04-13 15:36:36,041 [INFO]   [Oppo] Cao duoc 174 san pham.
2026-04-13 15:36:36,052 [INFO]         - Khong co san pham moi nao trong me nay (da trung).
2026-04-13 15:36:39,052 [INFO] 
  [Vivo] Dieu huong: https://www.dienmayxanh.com/dien-thoai-vivo#o=7&pi=0
2026-04-13 15:38:32,300 [INFO]     [Thành công] Click 'Xem thêm' lần 1...
2026-04-13 15:38:39,073 [INFO]     [Thành công] Click 'Xem thêm' lần 2...
2026-04-13 15:38:45,853 [INFO]     [Thành công] Click 'Xem thêm' lần 3...
2026-04-13 15:38:52,618 [INFO]     [Thành công] Click 'Xem thêm' lần 4...
2026-04-13 15:38:59,393 [INFO]     [Thành công] Click 'Xem thêm' lần 5...
2026-04-13 15:39:06,201 [INFO]     [Thành công] Click 'Xem thêm' lần 6...
2026-04-13 15:39:12,982 [INFO]     [Thành công] Click 'Xem thêm' lần 7...
2026-04-13 15:39:19,762 [INFO]     [Thành công] Click 'Xem thêm' lần 8...
2026-04-13 15:39:23,263 [INFO]   [Vivo] Da click 'Xem them' tong cong 8 lan.
2026-04-13 15:39:23,400 [INFO]     Tìm thấy 379 thẻ sản phẩm. Đang bóc tách dữ liệu...
2026-04-13 15:40:15,063 [INFO]   [Vivo] Cao duoc 174 san pham.
2026-04-13 15:40:15,073 [INFO]         - Khong co san pham moi nao trong me nay (da trung).
2026-04-13 15:40:18,074 [INFO] 
  [Realme] Dieu huong: https://www.dienmayxanh.com/dien-thoai-realme#o=7&pi=0
2026-04-13 15:42:18,085 [ERROR]   LOI brand 'Realme': HTTPConnectionPool(host='localhost', port=62134): Read timed out. (read timeout=120)
2026-04-13 15:42:21,086 [INFO] 
============================================================
2026-04-13 15:42:21,086 [INFO] BAT DAU DANH MUC: PC
2026-04-13 15:42:21,086 [INFO] ============================================================
2026-04-13 15:42:21,087 [INFO] 
  [Dell] Dieu huong: https://www.dienmayxanh.com/may-tinh-nguyen-bo-dell#o=7&pi=0
2026-04-13 15:44:21,098 [ERROR]   LOI brand 'Dell': HTTPConnectionPool(host='localhost', port=62134): Read timed out. (read timeout=120)
2026-04-13 15:44:24,099 [INFO] 
  [HP] Dieu huong: https://www.dienmayxanh.com/may-tinh-nguyen-bo-hp#o=7&pi=0
2026-04-13 15:45:44,834 [INFO]     [Thành công] Click 'Xem thêm' lần 1...
2026-04-13 15:45:50,423 [INFO]     [Dừng] Không tìm thấy nút Xem thêm (đã click 1 lần).
2026-04-13 15:45:50,424 [INFO]   [HP] Da click 'Xem them' tong cong 1 lan.
2026-04-13 15:45:50,461 [INFO]     Tìm thấy 42 thẻ sản phẩm. Đang bóc tách dữ liệu...
2026-04-13 15:45:58,131 [INFO]   [HP] Cao duoc 40 san pham.
2026-04-13 15:45:58,137 [INFO]         Da luu me 40 san pham vao pc_integrated.csv
2026-04-13 15:46:01,140 [INFO] 
  [Lenovo] Dieu huong: https://www.dienmayxanh.com/may-tinh-nguyen-bo-lenovo#o=7&pi=0
2026-04-13 15:46:11,286 [INFO]     [Thành công] Click 'Xem thêm' lần 1...
2026-04-13 15:46:16,893 [INFO]     [Dừng] Không tìm thấy nút Xem thêm (đã click 1 lần).
2026-04-13 15:46:16,893 [INFO]   [Lenovo] Da click 'Xem them' tong cong 1 lan.
2026-04-13 15:46:16,931 [INFO]     Tìm thấy 42 thẻ sản phẩm. Đang bóc tách dữ liệu...
2026-04-13 15:46:25,802 [INFO]   [Lenovo] Cao duoc 40 san pham.
2026-04-13 15:46:25,809 [INFO]         - Khong co san pham moi nao trong me nay (da trung).
2026-04-13 15:46:28,810 [INFO] 
  [Asus] Dieu huong: https://www.dienmayxanh.com/may-tinh-nguyen-bo-asus#o=7&pi=0
2026-04-13 15:46:40,135 [INFO]     [Thành công] Click 'Xem thêm' lần 1...
2026-04-13 15:46:45,748 [INFO]     [Dừng] Không tìm thấy nút Xem thêm (đã click 1 lần).
2026-04-13 15:46:45,749 [INFO]   [Asus] Da click 'Xem them' tong cong 1 lan.
2026-04-13 15:46:45,793 [INFO]     Tìm thấy 42 thẻ sản phẩm. Đang bóc tách dữ liệu...
2026-04-13 15:46:55,707 [INFO]   [Asus] Cao duoc 40 san pham.
2026-04-13 15:46:55,712 [INFO]         - Khong co san pham moi nao trong me nay (da trung).
2026-04-13 15:46:58,713 [INFO] 
  [MSI] Dieu huong: https://www.dienmayxanh.com/may-tinh-nguyen-bo-msi#o=7&pi=0
2026-04-13 15:47:07,525 [INFO]     [Thành công] Click 'Xem thêm' lần 1...
2026-04-13 15:47:13,118 [INFO]     [Dừng] Không tìm thấy nút Xem thêm (đã click 1 lần).
2026-04-13 15:47:13,119 [INFO]   [MSI] Da click 'Xem them' tong cong 1 lan.
2026-04-13 15:47:13,141 [INFO]     Tìm thấy 42 thẻ sản phẩm. Đang bóc tách dữ liệu...
2026-04-13 15:47:21,541 [INFO]   [MSI] Cao duoc 40 san pham.
2026-04-13 15:47:21,549 [INFO]         - Khong co san pham moi nao trong me nay (da trung).
2026-04-13 15:47:24,549 [INFO] 
  [Acer] Dieu huong: https://www.dienmayxanh.com/may-tinh-nguyen-bo-acer#o=7&pi=0
2026-04-13 15:47:34,571 [INFO]     [Thành công] Click 'Xem thêm' lần 1...
2026-04-13 15:47:40,149 [INFO]     [Dừng] Không tìm thấy nút Xem thêm (đã click 1 lần).
2026-04-13 15:47:40,149 [INFO]   [Acer] Da click 'Xem them' tong cong 1 lan.
2026-04-13 15:47:40,175 [INFO]     Tìm thấy 42 thẻ sản phẩm. Đang bóc tách dữ liệu...
2026-04-13 15:47:48,799 [INFO]   [Acer] Cao duoc 40 san pham.
2026-04-13 15:47:48,804 [INFO]         - Khong co san pham moi nao trong me nay (da trung).
2026-04-13 15:47:51,805 [INFO] 
============================================================
2026-04-13 15:47:51,805 [INFO] BAT DAU DANH MUC: TELEVISION
2026-04-13 15:47:51,805 [INFO] ============================================================
2026-04-13 15:47:51,806 [INFO] 
  [Samsung] Dieu huong: https://www.dienmayxanh.com/tivi-samsung#o=7&pi=0
2026-04-13 15:48:02,410 [INFO]     [Thành công] Click 'Xem thêm' lần 1...
2026-04-13 15:48:09,162 [INFO]     [Thành công] Click 'Xem thêm' lần 2...
2026-04-13 15:48:15,908 [INFO]     [Thành công] Click 'Xem thêm' lần 3...
2026-04-13 15:48:22,669 [INFO]     [Thành công] Click 'Xem thêm' lần 4...
2026-04-13 15:48:29,432 [INFO]     [Thành công] Click 'Xem thêm' lần 5...
2026-04-13 15:48:36,238 [INFO]     [Thành công] Click 'Xem thêm' lần 6...
2026-04-13 15:48:42,994 [INFO]     [Thành công] Click 'Xem thêm' lần 7...
2026-04-13 15:48:49,749 [INFO]     [Thành công] Click 'Xem thêm' lần 8...
2026-04-13 15:48:53,251 [INFO]   [Samsung] Da click 'Xem them' tong cong 8 lan.
2026-04-13 15:48:53,365 [INFO]     Tìm thấy 180 thẻ sản phẩm. Đang bóc tách dữ liệu...
2026-04-13 15:49:37,751 [INFO]   [Samsung] Cao duoc 180 san pham.
2026-04-13 15:49:37,762 [INFO]         Da luu me 180 san pham vao television_integrated.csv
2026-04-13 15:49:40,764 [INFO] 
  [LG] Dieu huong: https://www.dienmayxanh.com/tivi-lg#o=7&pi=0
2026-04-13 15:49:49,594 [INFO]     [Thành công] Click 'Xem thêm' lần 1...
2026-04-13 15:49:56,312 [INFO]     [Thành công] Click 'Xem thêm' lần 2...
2026-04-13 15:50:03,098 [INFO]     [Thành công] Click 'Xem thêm' lần 3...
2026-04-13 15:50:09,853 [INFO]     [Thành công] Click 'Xem thêm' lần 4...
2026-04-13 15:50:16,587 [INFO]     [Thành công] Click 'Xem thêm' lần 5...
2026-04-13 15:50:23,333 [INFO]     [Thành công] Click 'Xem thêm' lần 6...
2026-04-13 15:50:30,090 [INFO]     [Thành công] Click 'Xem thêm' lần 7...
2026-04-13 15:50:36,850 [INFO]     [Thành công] Click 'Xem thêm' lần 8...
2026-04-13 15:50:40,351 [INFO]   [LG] Da click 'Xem them' tong cong 8 lan.
2026-04-13 15:50:40,471 [INFO]     Tìm thấy 180 thẻ sản phẩm. Đang bóc tách dữ liệu...
2026-04-13 15:51:23,049 [INFO]   [LG] Cao duoc 180 san pham.
2026-04-13 15:51:23,059 [INFO]         - Khong co san pham moi nao trong me nay (da trung).
2026-04-13 15:51:26,060 [INFO] 
  [Sony] Dieu huong: https://www.dienmayxanh.com/tivi-sony#o=7&pi=0
2026-04-13 15:51:38,322 [INFO]     [Thành công] Click 'Xem thêm' lần 1...
2026-04-13 15:51:45,063 [INFO]     [Thành công] Click 'Xem thêm' lần 2...
2026-04-13 15:51:51,792 [INFO]     [Thành công] Click 'Xem thêm' lần 3...
2026-04-13 15:51:58,524 [INFO]     [Thành công] Click 'Xem thêm' lần 4...
2026-04-13 15:52:05,278 [INFO]     [Thành công] Click 'Xem thêm' lần 5...
2026-04-13 15:52:12,055 [INFO]     [Thành công] Click 'Xem thêm' lần 6...
2026-04-13 15:52:18,853 [INFO]     [Thành công] Click 'Xem thêm' lần 7...
2026-04-13 15:52:25,534 [INFO]     [Thành công] Click 'Xem thêm' lần 8...
2026-04-13 15:52:29,035 [INFO]   [Sony] Da click 'Xem them' tong cong 8 lan.
2026-04-13 15:52:29,150 [INFO]     Tìm thấy 180 thẻ sản phẩm. Đang bóc tách dữ liệu...
2026-04-13 15:53:12,338 [INFO]   [Sony] Cao duoc 180 san pham.
2026-04-13 15:53:12,348 [INFO]         - Khong co san pham moi nao trong me nay (da trung).
2026-04-13 15:53:15,349 [INFO] 
  [Panasonic] Dieu huong: https://www.dienmayxanh.com/tivi-panasonic#o=7&pi=0
2026-04-13 15:53:29,827 [INFO]     [Thành công] Click 'Xem thêm' lần 1...
2026-04-13 15:53:36,566 [INFO]     [Thành công] Click 'Xem thêm' lần 2...
2026-04-13 15:53:43,316 [INFO]     [Thành công] Click 'Xem thêm' lần 3...
2026-04-13 15:53:50,113 [INFO]     [Thành công] Click 'Xem thêm' lần 4...
2026-04-13 15:53:56,959 [INFO]     [Thành công] Click 'Xem thêm' lần 5...
2026-04-13 15:54:03,715 [INFO]     [Thành công] Click 'Xem thêm' lần 6...
2026-04-13 15:54:10,489 [INFO]     [Thành công] Click 'Xem thêm' lần 7...
2026-04-13 15:54:17,279 [INFO]     [Thành công] Click 'Xem thêm' lần 8...
2026-04-13 15:54:20,780 [INFO]   [Panasonic] Da click 'Xem them' tong cong 8 lan.
2026-04-13 15:54:20,913 [INFO]     Tìm thấy 180 thẻ sản phẩm. Đang bóc tách dữ liệu...
2026-04-13 15:55:06,069 [INFO]   [Panasonic] Cao duoc 180 san pham.
2026-04-13 15:55:06,080 [INFO]         - Khong co san pham moi nao trong me nay (da trung).
2026-04-13 15:55:09,081 [INFO] 
  [TCL] Dieu huong: https://www.dienmayxanh.com/tivi-tcl#o=7&pi=0
2026-04-13 15:55:50,843 [INFO]     [Thành công] Click 'Xem thêm' lần 1...
2026-04-13 15:55:57,597 [INFO]     [Thành công] Click 'Xem thêm' lần 2...
2026-04-13 15:56:04,357 [INFO]     [Thành công] Click 'Xem thêm' lần 3...
2026-04-13 15:56:11,104 [INFO]     [Thành công] Click 'Xem thêm' lần 4...
2026-04-13 15:56:17,856 [INFO]     [Thành công] Click 'Xem thêm' lần 5...
2026-04-13 15:56:24,635 [INFO]     [Thành công] Click 'Xem thêm' lần 6...
2026-04-13 15:56:31,384 [INFO]     [Thành công] Click 'Xem thêm' lần 7...
2026-04-13 15:56:38,143 [INFO]     [Thành công] Click 'Xem thêm' lần 8...
2026-04-13 15:56:41,643 [INFO]   [TCL] Da click 'Xem them' tong cong 8 lan.
2026-04-13 15:56:41,751 [INFO]     Tìm thấy 180 thẻ sản phẩm. Đang bóc tách dữ liệu...
2026-04-13 15:57:25,618 [INFO]   [TCL] Cao duoc 180 san pham.
2026-04-13 15:57:25,631 [INFO]         - Khong co san pham moi nao trong me nay (da trung).
2026-04-13 15:57:28,632 [INFO] 
  [Hisense] Dieu huong: https://www.dienmayxanh.com/tivi-hisense#o=7&pi=0
2026-04-13 15:57:37,871 [INFO]     [Thành công] Click 'Xem thêm' lần 1...
2026-04-13 15:57:44,603 [INFO]     [Thành công] Click 'Xem thêm' lần 2...
2026-04-13 15:57:51,333 [INFO]     [Thành công] Click 'Xem thêm' lần 3...
2026-04-13 15:57:58,242 [INFO]     [Thành công] Click 'Xem thêm' lần 4...
2026-04-13 15:58:04,962 [INFO]     [Thành công] Click 'Xem thêm' lần 5...
2026-04-13 15:58:11,716 [INFO]     [Thành công] Click 'Xem thêm' lần 6...
2026-04-13 15:58:18,462 [INFO]     [Thành công] Click 'Xem thêm' lần 7...
2026-04-13 15:58:25,220 [INFO]     [Thành công] Click 'Xem thêm' lần 8...
2026-04-13 15:58:28,721 [INFO]   [Hisense] Da click 'Xem them' tong cong 8 lan.
2026-04-13 15:58:28,824 [INFO]     Tìm thấy 180 thẻ sản phẩm. Đang bóc tách dữ liệu...
2026-04-13 15:59:14,509 [INFO]   [Hisense] Cao duoc 180 san pham.
2026-04-13 15:59:14,525 [INFO]         - Khong co san pham moi nao trong me nay (da trung).
2026-04-13 15:59:17,526 [INFO] 
============================================================
2026-04-13 15:59:17,527 [INFO] BAT DAU DANH MUC: HEADPHONE
2026-04-13 15:59:17,527 [INFO] ============================================================
2026-04-13 15:59:17,527 [INFO] 
  [Apple] Dieu huong: https://www.dienmayxanh.com/tai-nghe-apple#o=7&pi=0
2026-04-13 15:59:31,243 [INFO]     [Thành công] Click 'Xem thêm' lần 1...
2026-04-13 15:59:37,921 [INFO]     [Thành công] Click 'Xem thêm' lần 2...
2026-04-13 15:59:44,597 [INFO]     [Thành công] Click 'Xem thêm' lần 3...
2026-04-13 15:59:51,261 [INFO]     [Thành công] Click 'Xem thêm' lần 4...
2026-04-13 15:59:57,938 [INFO]     [Thành công] Click 'Xem thêm' lần 5...
2026-04-13 16:00:04,641 [INFO]     [Thành công] Click 'Xem thêm' lần 6...
2026-04-13 16:00:11,373 [INFO]     [Thành công] Click 'Xem thêm' lần 7...
2026-04-13 16:00:18,062 [INFO]     [Thành công] Click 'Xem thêm' lần 8...
2026-04-13 16:00:21,563 [INFO]   [Apple] Da click 'Xem them' tong cong 8 lan.
2026-04-13 16:00:21,747 [INFO]     Tìm thấy 160 thẻ sản phẩm. Đang bóc tách dữ liệu...
2026-04-13 16:01:04,930 [INFO]   [Apple] Cao duoc 160 san pham.
2026-04-13 16:01:04,944 [INFO]         Da luu me 160 san pham vao headphone_integrated.csv
2026-04-13 16:01:07,945 [INFO] 
  [Sony] Dieu huong: https://www.dienmayxanh.com/tai-nghe-sony#o=7&pi=0
2026-04-13 16:01:50,789 [INFO]     [Thành công] Click 'Xem thêm' lần 1...
2026-04-13 16:01:57,464 [INFO]     [Thành công] Click 'Xem thêm' lần 2...
2026-04-13 16:02:04,144 [INFO]     [Thành công] Click 'Xem thêm' lần 3...
2026-04-13 16:02:10,818 [INFO]     [Thành công] Click 'Xem thêm' lần 4...
2026-04-13 16:02:17,480 [INFO]     [Thành công] Click 'Xem thêm' lần 5...
2026-04-13 16:02:24,168 [INFO]     [Thành công] Click 'Xem thêm' lần 6...
2026-04-13 16:02:30,844 [INFO]     [Thành công] Click 'Xem thêm' lần 7...
2026-04-13 16:02:37,512 [INFO]     [Thành công] Click 'Xem thêm' lần 8...
2026-04-13 16:02:41,013 [INFO]   [Sony] Da click 'Xem them' tong cong 8 lan.
2026-04-13 16:02:41,100 [INFO]     Tìm thấy 180 thẻ sản phẩm. Đang bóc tách dữ liệu...
2026-04-13 16:03:28,678 [INFO]   [Sony] Cao duoc 180 san pham.
2026-04-13 16:03:28,696 [INFO]         Da luu me 20 san pham vao headphone_integrated.csv
2026-04-13 16:03:31,697 [INFO] 
  [Samsung] Dieu huong: https://www.dienmayxanh.com/tai-nghe-samsung#o=7&pi=0
2026-04-13 16:03:48,168 [INFO]     [Thành công] Click 'Xem thêm' lần 1...
2026-04-13 16:03:54,842 [INFO]     [Thành công] Click 'Xem thêm' lần 2...
2026-04-13 16:04:01,518 [INFO]     [Thành công] Click 'Xem thêm' lần 3...
2026-04-13 16:04:08,176 [INFO]     [Thành công] Click 'Xem thêm' lần 4...
2026-04-13 16:04:14,901 [INFO]     [Thành công] Click 'Xem thêm' lần 5...
2026-04-13 16:04:21,574 [INFO]     [Thành công] Click 'Xem thêm' lần 6...
2026-04-13 16:04:28,241 [INFO]     [Thành công] Click 'Xem thêm' lần 7...
2026-04-13 16:04:34,904 [INFO]     [Thành công] Click 'Xem thêm' lần 8...
2026-04-13 16:04:38,405 [INFO]   [Samsung] Da click 'Xem them' tong cong 8 lan.
2026-04-13 16:04:38,487 [INFO]     Tìm thấy 180 thẻ sản phẩm. Đang bóc tách dữ liệu...
2026-04-13 16:05:30,067 [INFO]   [Samsung] Cao duoc 180 san pham.
2026-04-13 16:05:30,081 [INFO]         - Khong co san pham moi nao trong me nay (da trung).
2026-04-13 16:05:33,082 [INFO] 
  [JBL] Dieu huong: https://www.dienmayxanh.com/tai-nghe-jbl#o=7&pi=0
2026-04-13 16:05:49,041 [INFO]     [Thành công] Click 'Xem thêm' lần 1...
2026-04-13 16:05:55,725 [INFO]     [Thành công] Click 'Xem thêm' lần 2...
2026-04-13 16:06:02,404 [INFO]     [Thành công] Click 'Xem thêm' lần 3...
2026-04-13 16:06:09,060 [INFO]     [Thành công] Click 'Xem thêm' lần 4...
2026-04-13 16:06:15,736 [INFO]     [Thành công] Click 'Xem thêm' lần 5...
2026-04-13 16:06:22,411 [INFO]     [Thành công] Click 'Xem thêm' lần 6...
2026-04-13 16:06:29,069 [INFO]     [Thành công] Click 'Xem thêm' lần 7...
2026-04-13 16:06:35,730 [INFO]     [Thành công] Click 'Xem thêm' lần 8...
2026-04-13 16:06:39,231 [INFO]   [JBL] Da click 'Xem them' tong cong 8 lan.
2026-04-13 16:06:39,319 [INFO]     Tìm thấy 180 thẻ sản phẩm. Đang bóc tách dữ liệu...
2026-04-13 16:07:27,209 [INFO]   [JBL] Cao duoc 180 san pham.
2026-04-13 16:07:27,220 [INFO]         - Khong co san pham moi nao trong me nay (da trung).
2026-04-13 16:07:30,222 [INFO] 
  [Jabra] Dieu huong: https://www.dienmayxanh.com/tai-nghe-jabra#o=7&pi=0
2026-04-13 16:07:43,093 [INFO]     [Thành công] Click 'Xem thêm' lần 1...
2026-04-13 16:07:49,741 [INFO]     [Thành công] Click 'Xem thêm' lần 2...
2026-04-13 16:07:56,417 [INFO]     [Thành công] Click 'Xem thêm' lần 3...
2026-04-13 16:08:03,104 [INFO]     [Thành công] Click 'Xem thêm' lần 4...
2026-04-13 16:08:09,766 [INFO]     [Thành công] Click 'Xem thêm' lần 5...
2026-04-13 16:08:16,435 [INFO]     [Thành công] Click 'Xem thêm' lần 6...
2026-04-13 16:08:23,125 [INFO]     [Thành công] Click 'Xem thêm' lần 7...
2026-04-13 16:08:29,808 [INFO]     [Thành công] Click 'Xem thêm' lần 8...
2026-04-13 16:08:33,309 [INFO]   [Jabra] Da click 'Xem them' tong cong 8 lan.
2026-04-13 16:08:33,393 [INFO]     Tìm thấy 180 thẻ sản phẩm. Đang bóc tách dữ liệu...
2026-04-13 16:09:23,786 [INFO]   [Jabra] Cao duoc 180 san pham.
2026-04-13 16:09:23,799 [INFO]         - Khong co san pham moi nao trong me nay (da trung).
2026-04-13 16:09:26,800 [INFO] 
  [Bose] Dieu huong: https://www.dienmayxanh.com/tai-nghe-bose#o=7&pi=0
2026-04-13 16:09:36,728 [INFO]     [Thành công] Click 'Xem thêm' lần 1...
2026-04-13 16:09:43,405 [INFO]     [Thành công] Click 'Xem thêm' lần 2...
2026-04-13 16:09:50,085 [INFO]     [Thành công] Click 'Xem thêm' lần 3...
2026-04-13 16:09:56,769 [INFO]     [Thành công] Click 'Xem thêm' lần 4...
2026-04-13 16:10:03,449 [INFO]     [Thành công] Click 'Xem thêm' lần 5...
2026-04-13 16:10:10,133 [INFO]     [Thành công] Click 'Xem thêm' lần 6...
2026-04-13 16:10:16,812 [INFO]     [Thành công] Click 'Xem thêm' lần 7...
2026-04-13 16:10:23,500 [INFO]     [Thành công] Click 'Xem thêm' lần 8...
2026-04-13 16:10:27,001 [INFO]   [Bose] Da click 'Xem them' tong cong 8 lan.
2026-04-13 16:10:27,150 [INFO]     Tìm thấy 180 thẻ sản phẩm. Đang bóc tách dữ liệu...
2026-04-13 16:11:15,192 [INFO]   [Bose] Cao duoc 180 san pham.
2026-04-13 16:11:15,204 [INFO]         - Khong co san pham moi nao trong me nay (da trung).
2026-04-13 16:11:18,205 [INFO] 
  [Xiaomi] Dieu huong: https://www.dienmayxanh.com/tai-nghe-xiaomi#o=7&pi=0
2026-04-13 16:11:27,757 [INFO]     [Thành công] Click 'Xem thêm' lần 1...
2026-04-13 16:11:34,430 [INFO]     [Thành công] Click 'Xem thêm' lần 2...
2026-04-13 16:11:41,115 [INFO]     [Thành công] Click 'Xem thêm' lần 3...
2026-04-13 16:11:47,792 [INFO]     [Thành công] Click 'Xem thêm' lần 4...
2026-04-13 16:11:54,569 [INFO]     [Thành công] Click 'Xem thêm' lần 5...
2026-04-13 16:12:01,242 [INFO]     [Thành công] Click 'Xem thêm' lần 6...
2026-04-13 16:12:07,935 [INFO]     [Thành công] Click 'Xem thêm' lần 7...
2026-04-13 16:12:14,702 [INFO]     [Thành công] Click 'Xem thêm' lần 8...
2026-04-13 16:12:18,207 [INFO]   [Xiaomi] Da click 'Xem them' tong cong 8 lan.
2026-04-13 16:12:18,309 [INFO]     Tìm thấy 180 thẻ sản phẩm. Đang bóc tách dữ liệu...
2026-04-13 16:13:05,288 [INFO]   [Xiaomi] Cao duoc 180 san pham.
2026-04-13 16:13:05,300 [INFO]         - Khong co san pham moi nao trong me nay (da trung).
2026-04-13 16:13:11,360 [INFO] 
HOAN TAT TOAN BO QUA TRINH CAO DIEN MAY XANH.
